// Jest Snapshot v1, https://goo.gl/fbAQLP

exports[`Home Screen should match the snapshot 1`] = `
[
  <View
    testID="map"
  />,
  <View
    testID="selected-scooter-sheet"
  />,
]
`;
